
CondaError: Run 'conda init' before 'conda activate'

=== START Sun May 31 03:27:20 MST 2026 on scg011 ===
=== Available training scripts ===
plan_step10_baselines_improvements.py
plan_step10_meta_baselines.py
plan_step11_domain_id_ablation.py
plan_step11_new_experiments.py
plan_step12_calibration.py
plan_step12_critical_experiments.py
plan_step13_pareto.py
plan_step13_qwen_eval.py
plan_step14_bfs_budget_sensitivity.py
plan_step14_e2_corrected.py
plan_step15_qwen72b_eval.py
plan_step15_qwen72b_pu.py
plan_step16_arc_improvements.py
plan_step17_arc_v2.py
plan_step18_baselines_and_ablations.py
plan_step19_ipc_scale.py
plan_step1_collect_trajectories.py
plan_step1_data_prep.py
plan_step1_data_prep_real.py
plan_step20_routing_analysis.py

--- Training with seed=0 ---
Newest checkpoint: checkpoints_planning/guru_euclid+contrastive.pt
Performance: ERROR: Error(s) in loading state_dict for PlanningGURU:
	Missing key(s) in state_dict: "query_enc.net.0.weight", "query_enc.net.0.bias", "query_enc.net.1.weight", "query_enc.net.1.bias", "query_enc.net.4.weight", "query_enc.net.4.bias", "query_enc.net.5.weight", "query_enc.net.5.bias", "key_enc.net.0.weight", "key_enc.net.0.bias", "key_enc.net.1.weight", "key_enc.net.1.bias", "key_enc.net.4.weight", "key_enc.net.4.bias", "key_enc.net.5.weight", "key_enc.net.5.bias". 
	Unexpected key(s) in state_dict: "query_enc.0.weight", "query_enc.0.bias", "query_enc.1.weight", "query_enc.1.bias", "query_enc.4.weight", "query_enc.4.bias", "query_enc.5.weight", "query_enc.5.bias", "key_enc.0.weight", "key_enc.0.bias", "key_enc.1.weight", "key_enc.1.bias", "key_enc.3.weight", "key_enc.3.bias", "key_enc.4.weight", "key_enc.4.bias". 
Traceback (most recent call last):
  File "<string>", line 6, in <module>
    from sklearn.preprocessing import StandardScaler, PCA
ImportError: cannot import name 'PCA' from 'sklearn.preprocessing' (/home/mroycho1/.conda/envs/mdebnath/lib/python3.14/site-packages/sklearn/preprocessing/__init__.py)

--- Training with seed=1 ---
Newest checkpoint: checkpoints_planning/guru_euclid+contrastive.pt
Performance: ERROR: Error(s) in loading state_dict for PlanningGURU:
	Missing key(s) in state_dict: "query_enc.net.0.weight", "query_enc.net.0.bias", "query_enc.net.1.weight", "query_enc.net.1.bias", "query_enc.net.4.weight", "query_enc.net.4.bias", "query_enc.net.5.weight", "query_enc.net.5.bias", "key_enc.net.0.weight", "key_enc.net.0.bias", "key_enc.net.1.weight", "key_enc.net.1.bias", "key_enc.net.4.weight", "key_enc.net.4.bias", "key_enc.net.5.weight", "key_enc.net.5.bias". 
	Unexpected key(s) in state_dict: "query_enc.0.weight", "query_enc.0.bias", "query_enc.1.weight", "query_enc.1.bias", "query_enc.4.weight", "query_enc.4.bias", "query_enc.5.weight", "query_enc.5.bias", "key_enc.0.weight", "key_enc.0.bias", "key_enc.1.weight", "key_enc.1.bias", "key_enc.3.weight", "key_enc.3.bias", "key_enc.4.weight", "key_enc.4.bias". 
Traceback (most recent call last):
  File "<string>", line 6, in <module>
    from sklearn.preprocessing import StandardScaler, PCA
ImportError: cannot import name 'PCA' from 'sklearn.preprocessing' (/home/mroycho1/.conda/envs/mdebnath/lib/python3.14/site-packages/sklearn/preprocessing/__init__.py)

--- Training with seed=2 ---
  hard_neg+contrastive                  0.195   0.489   0.148     0.277
  euclid+contrastive                    0.372   0.492   0.104     0.323
  hard_neg+euclid+contrastive           0.265   0.046   0.325     0.212

  Full results → /scratch/mroycho1/GURU/results_planning/arc_improvements_ablation.json
Newest checkpoint: checkpoints_planning/guru_hard_neg+euclid+contrastive.pt
Performance: ERROR: Error(s) in loading state_dict for PlanningGURU:
	Missing key(s) in state_dict: "query_enc.net.0.weight", "query_enc.net.0.bias", "query_enc.net.1.weight", "query_enc.net.1.bias", "query_enc.net.4.weight", "query_enc.net.4.bias", "query_enc.net.5.weight", "query_enc.net.5.bias", "key_enc.net.0.weight", "key_enc.net.0.bias", "key_enc.net.1.weight", "key_enc.net.1.bias", "key_enc.net.4.weight", "key_enc.net.4.bias", "key_enc.net.5.weight", "key_enc.net.5.bias". 
	Unexpected key(s) in state_dict: "query_enc.0.weight", "query_enc.0.bias", "query_enc.1.weight", "query_enc.1.bias", "query_enc.4.weight", "query_enc.4.bias", "query_enc.5.weight", "query_enc.5.bias", "key_enc.0.weight", "key_enc.0.bias", "key_enc.1.weight", "key_enc.1.bias", "key_enc.3.weight", "key_enc.3.bias", "key_enc.4.weight", "key_enc.4.bias". 
Traceback (most recent call last):
  File "<string>", line 6, in <module>
    from sklearn.preprocessing import StandardScaler, PCA
ImportError: cannot import name 'PCA' from 'sklearn.preprocessing' (/home/mroycho1/.conda/envs/mdebnath/lib/python3.14/site-packages/sklearn/preprocessing/__init__.py)

--- Training with seed=3 ---
  hard_neg+contrastive                  0.181   0.192   0.451     0.275
  euclid+contrastive                    0.363   0.428   0.329     0.373
  hard_neg+euclid+contrastive           0.386   0.738   0.444     0.522

  Full results → /scratch/mroycho1/GURU/results_planning/arc_improvements_ablation.json
Newest checkpoint: checkpoints_planning/guru_hard_neg+euclid+contrastive.pt
Performance: ERROR: Error(s) in loading state_dict for PlanningGURU:
	Missing key(s) in state_dict: "query_enc.net.0.weight", "query_enc.net.0.bias", "query_enc.net.1.weight", "query_enc.net.1.bias", "query_enc.net.4.weight", "query_enc.net.4.bias", "query_enc.net.5.weight", "query_enc.net.5.bias", "key_enc.net.0.weight", "key_enc.net.0.bias", "key_enc.net.1.weight", "key_enc.net.1.bias", "key_enc.net.4.weight", "key_enc.net.4.bias", "key_enc.net.5.weight", "key_enc.net.5.bias". 
	Unexpected key(s) in state_dict: "query_enc.0.weight", "query_enc.0.bias", "query_enc.1.weight", "query_enc.1.bias", "query_enc.4.weight", "query_enc.4.bias", "query_enc.5.weight", "query_enc.5.bias", "key_enc.0.weight", "key_enc.0.bias", "key_enc.1.weight", "key_enc.1.bias", "key_enc.3.weight", "key_enc.3.bias", "key_enc.4.weight", "key_enc.4.bias". 
Traceback (most recent call last):
  File "<string>", line 6, in <module>
    from sklearn.preprocessing import StandardScaler, PCA
ImportError: cannot import name 'PCA' from 'sklearn.preprocessing' (/home/mroycho1/.conda/envs/mdebnath/lib/python3.14/site-packages/sklearn/preprocessing/__init__.py)

--- Training with seed=42 ---
  hard_neg+contrastive                  0.351   0.461   0.534     0.449
  euclid+contrastive                    0.374   0.038   0.267     0.226
  hard_neg+euclid+contrastive           0.335   0.220   0.470     0.341

  Full results → /scratch/mroycho1/GURU/results_planning/arc_improvements_ablation.json
Newest checkpoint: checkpoints_planning/guru_hard_neg+euclid+contrastive.pt
Performance: ERROR: Error(s) in loading state_dict for PlanningGURU:
	Missing key(s) in state_dict: "query_enc.net.0.weight", "query_enc.net.0.bias", "query_enc.net.1.weight", "query_enc.net.1.bias", "query_enc.net.4.weight", "query_enc.net.4.bias", "query_enc.net.5.weight", "query_enc.net.5.bias", "key_enc.net.0.weight", "key_enc.net.0.bias", "key_enc.net.1.weight", "key_enc.net.1.bias", "key_enc.net.4.weight", "key_enc.net.4.bias", "key_enc.net.5.weight", "key_enc.net.5.bias". 
	Unexpected key(s) in state_dict: "query_enc.0.weight", "query_enc.0.bias", "query_enc.1.weight", "query_enc.1.bias", "query_enc.4.weight", "query_enc.4.bias", "query_enc.5.weight", "query_enc.5.bias", "key_enc.0.weight", "key_enc.0.bias", "key_enc.1.weight", "key_enc.1.bias", "key_enc.3.weight", "key_enc.3.bias", "key_enc.4.weight", "key_enc.4.bias". 
Traceback (most recent call last):
  File "<string>", line 6, in <module>
    from sklearn.preprocessing import StandardScaler, PCA
ImportError: cannot import name 'PCA' from 'sklearn.preprocessing' (/home/mroycho1/.conda/envs/mdebnath/lib/python3.14/site-packages/sklearn/preprocessing/__init__.py)

--- Training with seed=123 ---
  hard_neg+contrastive                  0.070   0.365   0.330     0.255
  euclid+contrastive                    0.742   0.399   0.311     0.484
  hard_neg+euclid+contrastive           0.686   0.559   0.101     0.448

  Full results → /scratch/mroycho1/GURU/results_planning/arc_improvements_ablation.json
Newest checkpoint: checkpoints_planning/guru_hard_neg+euclid+contrastive.pt
Performance: ERROR: Error(s) in loading state_dict for PlanningGURU:
	Missing key(s) in state_dict: "query_enc.net.0.weight", "query_enc.net.0.bias", "query_enc.net.1.weight", "query_enc.net.1.bias", "query_enc.net.4.weight", "query_enc.net.4.bias", "query_enc.net.5.weight", "query_enc.net.5.bias", "key_enc.net.0.weight", "key_enc.net.0.bias", "key_enc.net.1.weight", "key_enc.net.1.bias", "key_enc.net.4.weight", "key_enc.net.4.bias", "key_enc.net.5.weight", "key_enc.net.5.bias". 
	Unexpected key(s) in state_dict: "query_enc.0.weight", "query_enc.0.bias", "query_enc.1.weight", "query_enc.1.bias", "query_enc.4.weight", "query_enc.4.bias", "query_enc.5.weight", "query_enc.5.bias", "key_enc.0.weight", "key_enc.0.bias", "key_enc.1.weight", "key_enc.1.bias", "key_enc.3.weight", "key_enc.3.bias", "key_enc.4.weight", "key_enc.4.bias". 
Traceback (most recent call last):
  File "<string>", line 6, in <module>
    from sklearn.preprocessing import StandardScaler, PCA
ImportError: cannot import name 'PCA' from 'sklearn.preprocessing' (/home/mroycho1/.conda/envs/mdebnath/lib/python3.14/site-packages/sklearn/preprocessing/__init__.py)

=== FINAL: All saved checkpoints ===
None saved
=== END Sun May 31 07:15:17 MST 2026 ===
